ASxxxx Linker V03.00 + NoICE + sdld,  page 1.
Hexadecimal  [32-Bits]

Area                                    Addr        Size        Decimal Bytes (Attributes)
--------------------------------        ----        ----        ------- ----- ------------
.  .ABS.                            00000000    00000000 =           0. bytes (ABS,CON)

      Value  Global                              Global Defined In Module
      -----  --------------------------------   ------------------------
     00000000  .__.ABS.                           cpct_keyboard
     00000000  l__DATA                         
     00000281  l__CODE                         
     00004000  s__CODE                         
     00004281  s__DATA                         

ASxxxx Linker V03.00 + NoICE + sdld,  page 2.
Hexadecimal  [32-Bits]

Area                                    Addr        Size        Decimal Bytes (Attributes)
--------------------------------        ----        ----        ------- ----- ------------
_CODE                               00004000    00000281 =         641. bytes (REL,CON)

      Value  Global                              Global Defined In Module
      -----  --------------------------------   ------------------------
     00004051  hero_data                          cpct_keyboard
     0000405A  enemy_data                         cpct_keyboard
     00004066  ent_new                            cpct_keyboard
     0000407C  ent_copy                           cpct_keyboard
     00004082  ent_doForAll                       cpct_keyboard
     0000409A  ent_draw                           cpct_keyboard
     000040B4  ent_clear                          cpct_keyboard
     000040C4  ent_update                         cpct_keyboard
     00004101  _main                              cpct_keyboard
     0000414C  _cpct_isKeyPressed                 cpct_keyboard
     0000414C  cpct_isKeyPressed_asm              cpct_keyboard
     00004158  _cpct_keyboardStatusBuffer         cpct_keyboard
     00004162  _cpct_waitVSYNC                    cpct_video
     00004162  cpct_waitVSYNC_asm                 cpct_video
     0000416A  cpct_setVideoMode_asm              cpct_video
     00004177  _cpct_disableFirmware              cpct_firmware
     00004177  _cpct_removeInterruptHandler       cpct_firmware
     00004177  cpct_disableFirmware_asm           cpct_firmware
     00004177  cpct_removeInterruptHandler_asm    cpct_firmware
     00004187  cpct_drawSolidBox_asm              cpct_sprites
     00004233  _cpct_mode_rom_status              cpct_firmware
     00004234  cpct_getScreenPtr_asm              cpct_video
     00004250  _cpct_scanKeyboard                 cpct_keyboard
     00004250  cpct_scanKeyboard_asm              cpct_keyboard
ASxxxx Linker V03.00 + NoICE + sdld,  page 3.

Files Linked                              [ module(s) ]

obj/entity.rel                            [ cpct_keyboard ]
obj/main.rel                              [ cpct_keyboard ]
obj/main.h.rel                            [  ]
obj/entity.h.rel                          [  ]


Libraries Linked                          [ object file ]

/home/tote/Uni/4thAge/RA/cpctelera-development/cpctelera/cpctelera.lib
                                          [ cpct_isKeyPressed.rel ]
/home/tote/Uni/4thAge/RA/cpctelera-development/cpctelera/cpctelera.lib
                                          [ keyboard.rel ]
/home/tote/Uni/4thAge/RA/cpctelera-development/cpctelera/cpctelera.lib
                                          [ cpct_waitVSYNC.rel ]
/home/tote/Uni/4thAge/RA/cpctelera-development/cpctelera/cpctelera.lib
                                          [ cpct_setVideoMode_asmbindings.re ]
/home/tote/Uni/4thAge/RA/cpctelera-development/cpctelera/cpctelera.lib
                                          [ cpct_removeInterruptHandler.rel ]
/home/tote/Uni/4thAge/RA/cpctelera-development/cpctelera/cpctelera.lib
                                          [ cpct_drawSolidBox_asmbindings.re ]
/home/tote/Uni/4thAge/RA/cpctelera-development/cpctelera/cpctelera.lib
                                          [ cpc_mode_rom_status.rel ]
/home/tote/Uni/4thAge/RA/cpctelera-development/cpctelera/cpctelera.lib
                                          [ cpct_getScreenPtr_asmbindings.re ]
/home/tote/Uni/4thAge/RA/cpctelera-development/cpctelera/cpctelera.lib
                                          [ cpct_scanKeyboard.rel ]

ASxxxx Linker V03.00 + NoICE + sdld,  page 4.

User Base Address Definitions

_CODE = 0x4000
_DATA = 0x0000

