                              1 ;--------------------------------------------------------
                              2 ; File Created by SDCC : free open source ANSI-C Compiler
                              3 ; Version 3.6.8 #9946 (Linux)
                              4 ;--------------------------------------------------------
                              5 	.module hearth
                              6 	.optsdcc -mz80
                              7 	
                              8 ;--------------------------------------------------------
                              9 ; Public variables in this module
                             10 ;--------------------------------------------------------
                             11 	.globl _g_hearth
                             12 ;--------------------------------------------------------
                             13 ; special function registers
                             14 ;--------------------------------------------------------
                             15 ;--------------------------------------------------------
                             16 ; ram data
                             17 ;--------------------------------------------------------
                             18 	.area _DATA
                             19 ;--------------------------------------------------------
                             20 ; ram data
                             21 ;--------------------------------------------------------
                             22 	.area _INITIALIZED
                             23 ;--------------------------------------------------------
                             24 ; absolute external ram data
                             25 ;--------------------------------------------------------
                             26 	.area _DABS (ABS)
                             27 ;--------------------------------------------------------
                             28 ; global & static initialisations
                             29 ;--------------------------------------------------------
                             30 	.area _HOME
                             31 	.area _GSINIT
                             32 	.area _GSFINAL
                             33 	.area _GSINIT
                             34 ;--------------------------------------------------------
                             35 ; Home
                             36 ;--------------------------------------------------------
                             37 	.area _HOME
                             38 	.area _HOME
                             39 ;--------------------------------------------------------
                             40 ; code
                             41 ;--------------------------------------------------------
                             42 	.area _CODE
                             43 	.area _CODE
   0000                      44 _g_hearth:
   0000 FF                   45 	.db #0xff	; 255
   0001 FF                   46 	.db #0xff	; 255
   0002 FF                   47 	.db #0xff	; 255
   0003 FF                   48 	.db #0xff	; 255
   0004 FF                   49 	.db #0xff	; 255
   0005 FF                   50 	.db #0xff	; 255
   0006 FF                   51 	.db #0xff	; 255
   0007 FF                   52 	.db #0xff	; 255
   0008 FF                   53 	.db #0xff	; 255
   0009 FC                   54 	.db #0xfc	; 252
   000A FC                   55 	.db #0xfc	; 252
   000B FF                   56 	.db #0xff	; 255
   000C FE                   57 	.db #0xfe	; 254
   000D FC                   58 	.db #0xfc	; 252
   000E FD                   59 	.db #0xfd	; 253
   000F FF                   60 	.db #0xff	; 255
   0010 FE                   61 	.db #0xfe	; 254
   0011 FC                   62 	.db #0xfc	; 252
   0012 FC                   63 	.db #0xfc	; 252
   0013 FD                   64 	.db #0xfd	; 253
   0014 FC                   65 	.db #0xfc	; 252
   0015 A8                   66 	.db #0xa8	; 168
   0016 54                   67 	.db #0x54	; 84	'T'
   0017 FF                   68 	.db #0xff	; 255
   0018 FE                   69 	.db #0xfe	; 254
   0019 FC                   70 	.db #0xfc	; 252
   001A FC                   71 	.db #0xfc	; 252
   001B FC                   72 	.db #0xfc	; 252
   001C FC                   73 	.db #0xfc	; 252
   001D A8                   74 	.db #0xa8	; 168
   001E 54                   75 	.db #0x54	; 84	'T'
   001F FF                   76 	.db #0xff	; 255
   0020 FE                   77 	.db #0xfe	; 254
   0021 FC                   78 	.db #0xfc	; 252
   0022 FC                   79 	.db #0xfc	; 252
   0023 FC                   80 	.db #0xfc	; 252
   0024 FC                   81 	.db #0xfc	; 252
   0025 A8                   82 	.db #0xa8	; 168
   0026 54                   83 	.db #0x54	; 84	'T'
   0027 FF                   84 	.db #0xff	; 255
   0028 FF                   85 	.db #0xff	; 255
   0029 FC                   86 	.db #0xfc	; 252
   002A FC                   87 	.db #0xfc	; 252
   002B FC                   88 	.db #0xfc	; 252
   002C FC                   89 	.db #0xfc	; 252
   002D FC                   90 	.db #0xfc	; 252
   002E FD                   91 	.db #0xfd	; 253
   002F FF                   92 	.db #0xff	; 255
   0030 FF                   93 	.db #0xff	; 255
   0031 FE                   94 	.db #0xfe	; 254
   0032 FC                   95 	.db #0xfc	; 252
   0033 FC                   96 	.db #0xfc	; 252
   0034 FC                   97 	.db #0xfc	; 252
   0035 FC                   98 	.db #0xfc	; 252
   0036 FF                   99 	.db #0xff	; 255
   0037 FF                  100 	.db #0xff	; 255
   0038 FF                  101 	.db #0xff	; 255
   0039 FF                  102 	.db #0xff	; 255
   003A FC                  103 	.db #0xfc	; 252
   003B FC                  104 	.db #0xfc	; 252
   003C FC                  105 	.db #0xfc	; 252
   003D FD                  106 	.db #0xfd	; 253
   003E FF                  107 	.db #0xff	; 255
   003F FF                  108 	.db #0xff	; 255
   0040 FF                  109 	.db #0xff	; 255
   0041 FF                  110 	.db #0xff	; 255
   0042 FE                  111 	.db #0xfe	; 254
   0043 FC                  112 	.db #0xfc	; 252
   0044 FC                  113 	.db #0xfc	; 252
   0045 FF                  114 	.db #0xff	; 255
   0046 FF                  115 	.db #0xff	; 255
   0047 FF                  116 	.db #0xff	; 255
   0048 FF                  117 	.db #0xff	; 255
   0049 FF                  118 	.db #0xff	; 255
   004A FF                  119 	.db #0xff	; 255
   004B FC                  120 	.db #0xfc	; 252
   004C FD                  121 	.db #0xfd	; 253
   004D FF                  122 	.db #0xff	; 255
   004E FF                  123 	.db #0xff	; 255
   004F FF                  124 	.db #0xff	; 255
   0050 FF                  125 	.db #0xff	; 255
   0051 FF                  126 	.db #0xff	; 255
   0052 FF                  127 	.db #0xff	; 255
   0053 FE                  128 	.db #0xfe	; 254
   0054 FF                  129 	.db #0xff	; 255
   0055 FF                  130 	.db #0xff	; 255
   0056 FF                  131 	.db #0xff	; 255
   0057 FF                  132 	.db #0xff	; 255
   0058 FF                  133 	.db #0xff	; 255
   0059 FF                  134 	.db #0xff	; 255
   005A FF                  135 	.db #0xff	; 255
   005B FF                  136 	.db #0xff	; 255
   005C FF                  137 	.db #0xff	; 255
   005D FF                  138 	.db #0xff	; 255
   005E FF                  139 	.db #0xff	; 255
   005F FF                  140 	.db #0xff	; 255
                            141 	.area _INITIALIZER
                            142 	.area _CABS (ABS)
